CALL_INT_HANDLER		= 008E, L: SMS_CRT0
CLEANUP				= 0128, G: SMS_CRT0
DEFAULTINITIALISEVDP		= 012C, L: SMS_CRT0
DRAWONELINE			= 84EF, G: DRAWONELINE
ENDLOOP				= 0129, L: SMS_CRT0
FILLER1				= 0015, L: SMS_CRT0
FILLER2				= 0055, L: SMS_CRT0
FILLER3				= 008F, L: SMS_CRT0
GET_VCOUNT			= 8550, G: GET_VCOUNT
INT_DONE			= 0087, L: SMS_CRT0
INT_HANDLER			= 0073, L: SMS_CRT0
INT_LOOP			= 0076, L: SMS_CRT0
INT_NOT_VBL			= 0042, L: SMS_CRT0
INT_PAUSE			= 0066, L: SMS_CRT0
INT_RASTER			= 0038, L: SMS_CRT0
INT_VBL				= 0045, L: SMS_CRT0
I_10				= 01E4, L: MAZE3D
I_100				= 133D, L: MAZE3D
I_101				= 12EC, L: MAZE3D
I_102				= 12E9, L: MAZE3D
I_104				= 1321, L: MAZE3D
I_105				= 13B7, L: MAZE3D
I_106				= 13C8, L: MAZE3D
I_107				= 13C8, L: MAZE3D
I_108				= 14D6, L: MAZE3D
I_109				= 16B5, L: MAZE3D
I_11				= 0200, L: MAZE3D
I_110				= 16B2, L: MAZE3D
I_111				= 1520, L: MAZE3D
I_112				= 155D, L: MAZE3D
I_113				= 155D, L: MAZE3D
I_114				= 1595, L: MAZE3D
I_115				= 15CA, L: MAZE3D
I_116				= 15CA, L: MAZE3D
I_117				= 1623, L: MAZE3D
I_118				= 1643, L: MAZE3D
I_119				= 168C, L: MAZE3D
I_12				= 0233, L: MAZE3D
I_120				= 167C, L: MAZE3D
I_13				= 02EC, L: MAZE3D
I_14				= 037D, L: MAZE3D
I_15				= 0428, L: MAZE3D
I_16				= 04F7, L: MAZE3D
I_17				= 04E7, L: MAZE3D
I_18				= 0448, L: MAZE3D
I_19				= 04C9, L: MAZE3D
I_20				= 04B9, L: MAZE3D
I_21				= 0512, L: MAZE3D
I_22				= 0FC4, L: MAZE3D
I_23				= 0FB4, L: MAZE3D
I_24				= 070D, L: MAZE3D
I_25				= 0555, L: MAZE3D
I_26				= 056F, L: MAZE3D
I_27				= 070D, L: MAZE3D
I_28				= 05FC, L: MAZE3D
I_29				= 06A1, L: MAZE3D
I_30				= 0706, L: MAZE3D
I_31				= 06F0, L: MAZE3D
I_32				= 0880, L: MAZE3D
I_33				= 0880, L: MAZE3D
I_34				= 07D2, L: MAZE3D
I_35				= 081A, L: MAZE3D
I_36				= 0879, L: MAZE3D
I_37				= 0869, L: MAZE3D
I_38				= 0A9F, L: MAZE3D
I_39				= 08CF, L: MAZE3D
I_40				= 08F8, L: MAZE3D
I_41				= 0A9F, L: MAZE3D
I_42				= 0933, L: MAZE3D
I_43_I_42			= 0936, L: MAZE3D
I_44				= 098E, L: MAZE3D
I_45				= 0A33, L: MAZE3D
I_46				= 0A98, L: MAZE3D
I_47				= 0A82, L: MAZE3D
I_48				= 0C12, L: MAZE3D
I_49				= 0C12, L: MAZE3D
I_50				= 0B64, L: MAZE3D
I_51				= 0BAC, L: MAZE3D
I_52				= 0C0B, L: MAZE3D
I_53				= 0BFB, L: MAZE3D
I_54				= 0E22, L: MAZE3D
I_55				= 0C60, L: MAZE3D
I_56				= 0C89, L: MAZE3D
I_57				= 0E22, L: MAZE3D
I_58				= 0CC4, L: MAZE3D
I_59_I_58			= 0CC7, L: MAZE3D
I_60				= 0D1F, L: MAZE3D
I_61				= 0DB6, L: MAZE3D
I_62				= 0E1B, L: MAZE3D
I_63				= 0E05, L: MAZE3D
I_64				= 0F97, L: MAZE3D
I_65				= 0F97, L: MAZE3D
I_66				= 0EE9, L: MAZE3D
I_67				= 0F31, L: MAZE3D
I_68				= 0F90, L: MAZE3D
I_69				= 0F80, L: MAZE3D
I_7				= 0269, L: MAZE3D
I_70				= 10FF, L: MAZE3D
I_71				= 100C, L: MAZE3D
I_72				= 10FC, L: MAZE3D
I_73				= 10EC, L: MAZE3D
I_74				= 1024, L: MAZE3D
I_75				= 106C, L: MAZE3D
I_76				= 105C, L: MAZE3D
I_77				= 107C, L: MAZE3D
I_78				= 10CE, L: MAZE3D
I_79				= 10BE, L: MAZE3D
I_8				= 01B0, L: MAZE3D
I_80				= 1221, L: MAZE3D
I_81				= 1221, L: MAZE3D
I_82				= 1135, L: MAZE3D
I_83				= 1221, L: MAZE3D
I_84				= 1215, L: MAZE3D
I_85				= 114D, L: MAZE3D
I_86				= 1195, L: MAZE3D
I_87				= 1185, L: MAZE3D
I_88				= 11A5, L: MAZE3D
I_89				= 11F7, L: MAZE3D
I_9				= 01C8, L: MAZE3D
I_90				= 11E7, L: MAZE3D
I_91				= 126A, L: MAZE3D
I_92				= 136B, L: MAZE3D
I_93				= 135B, L: MAZE3D
I_94				= 12AE, L: MAZE3D
I_95				= 129B, L: MAZE3D
I_97				= 134D, L: MAZE3D
I_98				= 12BC, L: MAZE3D
I_99				= 134D, L: MAZE3D
LINELOOP			= 84DD, L: SET_BKG_MAP
LOADPALETTE			= 8391, L: LOAD_PALETTE
LOADTILES			= 83B6, L: LOAD_TILES
LOAD_PALETTE			= 8383, G: LOAD_PALETTE
LOAD_TILES			= 839D, G: LOAD_TILES
LOOP				= 8552, L: GET_VCOUNT
LOOP				= 8546, L: WAIT_VBLANK_NOINT
LOOP				= 84F7, L: DRAWONELINE
L_AND				= 840C, G: L_AND
L_ASL				= 8413, G: L_ASL
L_ASL1				= 8414, L: L_ASL
L_ASR				= 8419, G: L_ASR
L_ASR1				= 841A, L: L_ASR
L_CASE				= 8424, G: L_CASE
L_CMP				= 845A, G: L_CMP
L_COM				= 8493, G: L_COM
L_DCAL				= 012B, G: SMS_CRT0
L_DECLONG			= 843B, G: L_DECLONG
L_EQ				= 8441, G: L_EQ
L_GCHAR				= 8449, G: L_GCHAR
L_GINT				= 844F, G: L_GINT
L_GT				= 8454, G: L_GT
L_LNEG				= 8466, G: L_LNEG
L_LNEG1				= 846E, L: L_LNEG
L_LT				= 8471, G: L_LT
L_MULT				= 8476, G: L_MULT
L_MULT1				= 847D, L: L_MULT
L_MULT2				= 8484, L: L_MULT
L_NE				= 8487, G: L_NE
L_NEG				= 848E, G: L_NEG
L_OR				= 849A, G: L_OR
L_PINT				= 84A1, G: L_PINT
L_SXT				= 844A, L: L_GCHAR
L_XOR				= 84A7, G: L_XOR
NOTCARRY			= 84E9, L: SET_BKG_MAP
READ_JOYPAD1			= 84AE, G: READ_JOYPAD1
SET_BKG_MAP			= 84B5, G: SET_BKG_MAP
SET_SPRITE			= 8510, G: SET_SPRITE
SET_VDP_REG			= 8539, G: SET_VDP_REG
START				= 0100, L: SMS_CRT0
SWEND				= 843A, L: L_CASE
SWLOOP				= 8426, L: L_CASE
VRAMTOHL			= 8505, G: VRAMTOHL
WAIT_VBLANK_NOINT		= 8546, G: WAIT_VBLANK_NOINT
_BLANKLOOP			= 83F1, L: LOAD_TILES
_DATA				= 013A, L: SMS_CRT0
_DATALOOP			= 83E5, L: LOAD_TILES
_DRAW_VIEW			= 03FA, G: MAZE3D
_EGA_PAL			= 2273, G: MAZE3D
_END				= 014C, L: SMS_CRT0
_FADE_BKG			= 0FCA, G: MAZE3D
_GET_MAP			= 0381, G: MAZE3D
_GET_MAP_R			= 03A0, G: MAZE3D
_LOOP				= 83E4, L: LOAD_TILES
_MAIN				= 1436, G: MAZE3D
_MAP				= 014C, G: MAZE3D
_MONSTER_TIL			= 6283, G: MAZE3D
_NOMOREBLANKS			= 83FF, L: LOAD_TILES
_PERSPTAB_DAT			= 8283, G: MAZE3D
_PLAYER_TIL			= 4283, G: MAZE3D
_ROTATE_DIR			= 01A8, G: MAZE3D
_SIDEWALL_OFFS1			= 019C, G: MAZE3D
_SIDEWALL_OFFS2			= 01A4, G: MAZE3D
_TEST_BKG			= 1EBB, G: MAZE3D
_TEST_FLR			= 20E3, G: MAZE3D
_TEST_MAP			= 16BB, G: MAZE3D
_TEST_PAL			= 2263, G: MAZE3D
_TEST_SPR			= 1245, G: MAZE3D
_TEST_SPR_PERSP			= 1384, G: MAZE3D
_TEST_TIL			= 2283, G: MAZE3D
_VFPRINTF			= 014C, G: SMS_CRT0
_WALK_DIR			= 026B, G: MAZE3D
_WALK_SPR_DIR			= 02F0, G: MAZE3D
_YTAB_DAT			= 8303, G: MAZE3D


FILLER1				= 0015, L: SMS_CRT0
INT_RASTER			= 0038, L: SMS_CRT0
INT_NOT_VBL			= 0042, L: SMS_CRT0
INT_VBL				= 0045, L: SMS_CRT0
FILLER2				= 0055, L: SMS_CRT0
INT_PAUSE			= 0066, L: SMS_CRT0
INT_HANDLER			= 0073, L: SMS_CRT0
INT_LOOP			= 0076, L: SMS_CRT0
INT_DONE			= 0087, L: SMS_CRT0
CALL_INT_HANDLER		= 008E, L: SMS_CRT0
FILLER3				= 008F, L: SMS_CRT0
START				= 0100, L: SMS_CRT0
CLEANUP				= 0128, G: SMS_CRT0
ENDLOOP				= 0129, L: SMS_CRT0
L_DCAL				= 012B, G: SMS_CRT0
DEFAULTINITIALISEVDP		= 012C, L: SMS_CRT0
_DATA				= 013A, L: SMS_CRT0
_VFPRINTF			= 014C, G: SMS_CRT0
_MAP				= 014C, G: MAZE3D
_END				= 014C, L: SMS_CRT0
_SIDEWALL_OFFS1			= 019C, G: MAZE3D
_SIDEWALL_OFFS2			= 01A4, G: MAZE3D
_ROTATE_DIR			= 01A8, G: MAZE3D
I_8				= 01B0, L: MAZE3D
I_9				= 01C8, L: MAZE3D
I_10				= 01E4, L: MAZE3D
I_11				= 0200, L: MAZE3D
I_12				= 0233, L: MAZE3D
I_7				= 0269, L: MAZE3D
_WALK_DIR			= 026B, G: MAZE3D
I_13				= 02EC, L: MAZE3D
_WALK_SPR_DIR			= 02F0, G: MAZE3D
I_14				= 037D, L: MAZE3D
_GET_MAP			= 0381, G: MAZE3D
_GET_MAP_R			= 03A0, G: MAZE3D
_DRAW_VIEW			= 03FA, G: MAZE3D
I_15				= 0428, L: MAZE3D
I_18				= 0448, L: MAZE3D
I_20				= 04B9, L: MAZE3D
I_19				= 04C9, L: MAZE3D
I_17				= 04E7, L: MAZE3D
I_16				= 04F7, L: MAZE3D
I_21				= 0512, L: MAZE3D
I_25				= 0555, L: MAZE3D
I_26				= 056F, L: MAZE3D
I_28				= 05FC, L: MAZE3D
I_29				= 06A1, L: MAZE3D
I_31				= 06F0, L: MAZE3D
I_30				= 0706, L: MAZE3D
I_27				= 070D, L: MAZE3D
I_24				= 070D, L: MAZE3D
I_34				= 07D2, L: MAZE3D
I_35				= 081A, L: MAZE3D
I_37				= 0869, L: MAZE3D
I_36				= 0879, L: MAZE3D
I_32				= 0880, L: MAZE3D
I_33				= 0880, L: MAZE3D
I_39				= 08CF, L: MAZE3D
I_40				= 08F8, L: MAZE3D
I_42				= 0933, L: MAZE3D
I_43_I_42			= 0936, L: MAZE3D
I_44				= 098E, L: MAZE3D
I_45				= 0A33, L: MAZE3D
I_47				= 0A82, L: MAZE3D
I_46				= 0A98, L: MAZE3D
I_38				= 0A9F, L: MAZE3D
I_41				= 0A9F, L: MAZE3D
I_50				= 0B64, L: MAZE3D
I_51				= 0BAC, L: MAZE3D
I_53				= 0BFB, L: MAZE3D
I_52				= 0C0B, L: MAZE3D
I_48				= 0C12, L: MAZE3D
I_49				= 0C12, L: MAZE3D
I_55				= 0C60, L: MAZE3D
I_56				= 0C89, L: MAZE3D
I_58				= 0CC4, L: MAZE3D
I_59_I_58			= 0CC7, L: MAZE3D
I_60				= 0D1F, L: MAZE3D
I_61				= 0DB6, L: MAZE3D
I_63				= 0E05, L: MAZE3D
I_62				= 0E1B, L: MAZE3D
I_54				= 0E22, L: MAZE3D
I_57				= 0E22, L: MAZE3D
I_66				= 0EE9, L: MAZE3D
I_67				= 0F31, L: MAZE3D
I_69				= 0F80, L: MAZE3D
I_68				= 0F90, L: MAZE3D
I_64				= 0F97, L: MAZE3D
I_65				= 0F97, L: MAZE3D
I_23				= 0FB4, L: MAZE3D
I_22				= 0FC4, L: MAZE3D
_FADE_BKG			= 0FCA, G: MAZE3D
I_71				= 100C, L: MAZE3D
I_74				= 1024, L: MAZE3D
I_76				= 105C, L: MAZE3D
I_75				= 106C, L: MAZE3D
I_77				= 107C, L: MAZE3D
I_79				= 10BE, L: MAZE3D
I_78				= 10CE, L: MAZE3D
I_73				= 10EC, L: MAZE3D
I_72				= 10FC, L: MAZE3D
I_70				= 10FF, L: MAZE3D
I_82				= 1135, L: MAZE3D
I_85				= 114D, L: MAZE3D
I_87				= 1185, L: MAZE3D
I_86				= 1195, L: MAZE3D
I_88				= 11A5, L: MAZE3D
I_90				= 11E7, L: MAZE3D
I_89				= 11F7, L: MAZE3D
I_84				= 1215, L: MAZE3D
I_80				= 1221, L: MAZE3D
I_83				= 1221, L: MAZE3D
I_81				= 1221, L: MAZE3D
_TEST_SPR			= 1245, G: MAZE3D
I_91				= 126A, L: MAZE3D
I_95				= 129B, L: MAZE3D
I_94				= 12AE, L: MAZE3D
I_98				= 12BC, L: MAZE3D
I_102				= 12E9, L: MAZE3D
I_101				= 12EC, L: MAZE3D
I_104				= 1321, L: MAZE3D
I_100				= 133D, L: MAZE3D
I_99				= 134D, L: MAZE3D
I_97				= 134D, L: MAZE3D
I_93				= 135B, L: MAZE3D
I_92				= 136B, L: MAZE3D
_TEST_SPR_PERSP			= 1384, G: MAZE3D
I_105				= 13B7, L: MAZE3D
I_106				= 13C8, L: MAZE3D
I_107				= 13C8, L: MAZE3D
_MAIN				= 1436, G: MAZE3D
I_108				= 14D6, L: MAZE3D
I_111				= 1520, L: MAZE3D
I_113				= 155D, L: MAZE3D
I_112				= 155D, L: MAZE3D
I_114				= 1595, L: MAZE3D
I_115				= 15CA, L: MAZE3D
I_116				= 15CA, L: MAZE3D
I_117				= 1623, L: MAZE3D
I_118				= 1643, L: MAZE3D
I_120				= 167C, L: MAZE3D
I_119				= 168C, L: MAZE3D
I_110				= 16B2, L: MAZE3D
I_109				= 16B5, L: MAZE3D
_TEST_MAP			= 16BB, G: MAZE3D
_TEST_BKG			= 1EBB, G: MAZE3D
_TEST_FLR			= 20E3, G: MAZE3D
_TEST_PAL			= 2263, G: MAZE3D
_EGA_PAL			= 2273, G: MAZE3D
_TEST_TIL			= 2283, G: MAZE3D
_PLAYER_TIL			= 4283, G: MAZE3D
_MONSTER_TIL			= 6283, G: MAZE3D
_PERSPTAB_DAT			= 8283, G: MAZE3D
_YTAB_DAT			= 8303, G: MAZE3D
LOAD_PALETTE			= 8383, G: LOAD_PALETTE
LOADPALETTE			= 8391, L: LOAD_PALETTE
LOAD_TILES			= 839D, G: LOAD_TILES
LOADTILES			= 83B6, L: LOAD_TILES
_LOOP				= 83E4, L: LOAD_TILES
_DATALOOP			= 83E5, L: LOAD_TILES
_BLANKLOOP			= 83F1, L: LOAD_TILES
_NOMOREBLANKS			= 83FF, L: LOAD_TILES
L_AND				= 840C, G: L_AND
L_ASL				= 8413, G: L_ASL
L_ASL1				= 8414, L: L_ASL
L_ASR				= 8419, G: L_ASR
L_ASR1				= 841A, L: L_ASR
L_CASE				= 8424, G: L_CASE
SWLOOP				= 8426, L: L_CASE
SWEND				= 843A, L: L_CASE
L_DECLONG			= 843B, G: L_DECLONG
L_EQ				= 8441, G: L_EQ
L_GCHAR				= 8449, G: L_GCHAR
L_SXT				= 844A, L: L_GCHAR
L_GINT				= 844F, G: L_GINT
L_GT				= 8454, G: L_GT
L_CMP				= 845A, G: L_CMP
L_LNEG				= 8466, G: L_LNEG
L_LNEG1				= 846E, L: L_LNEG
L_LT				= 8471, G: L_LT
L_MULT				= 8476, G: L_MULT
L_MULT1				= 847D, L: L_MULT
L_MULT2				= 8484, L: L_MULT
L_NE				= 8487, G: L_NE
L_NEG				= 848E, G: L_NEG
L_COM				= 8493, G: L_COM
L_OR				= 849A, G: L_OR
L_PINT				= 84A1, G: L_PINT
L_XOR				= 84A7, G: L_XOR
READ_JOYPAD1			= 84AE, G: READ_JOYPAD1
SET_BKG_MAP			= 84B5, G: SET_BKG_MAP
LINELOOP			= 84DD, L: SET_BKG_MAP
NOTCARRY			= 84E9, L: SET_BKG_MAP
DRAWONELINE			= 84EF, G: DRAWONELINE
LOOP				= 84F7, L: DRAWONELINE
VRAMTOHL			= 8505, G: VRAMTOHL
SET_SPRITE			= 8510, G: SET_SPRITE
SET_VDP_REG			= 8539, G: SET_VDP_REG
WAIT_VBLANK_NOINT		= 8546, G: WAIT_VBLANK_NOINT
LOOP				= 8546, L: WAIT_VBLANK_NOINT
GET_VCOUNT			= 8550, G: GET_VCOUNT
LOOP				= 8552, L: GET_VCOUNT
